=== build_pkg.log ===
[0;33mCleaning build artifacts...[0m 
[0;32m✓ Clean complete[0m 
[0;33mBuilding os-hilink...[0m 
# Compile Python files
Compiling Python modules...
# Copy source files to build directory
Copying source files...
# Remove Python cache files
[0;32m✓ Build complete[0m 
[0;33mBuilding os-hilink...[0m 
# Compile Python files
Compiling Python modules...
# Copy source files to build directory
Copying source files...
# Remove Python cache files
[0;32m✓ Build complete[0m 
[0;33mCreating package...[0m 
rewrote package abi -> freebsd:*:*
created:
-rw-r--r-- 1 runner runner 32509 Jul 16 22:05 /home/runner/work/opnsense-hilink-plugin/opnsense-hilink-plugin/dist/os-hilink-0.1.10.pkg
[0;32m✓ Package created: dist/os-hilink-0.1.10.pkg[0m 

=== dist/ contents ===
total 40
drwxr-xr-x  2 runner runner  4096 Jul 16 22:05 .
drwxr-xr-x 12 runner runner  4096 Jul 16 22:05 ..
-rw-r--r--  1 runner runner 32509 Jul 16 22:05 os-hilink-0.1.10.pkg

=== pkg binary ===
/usr/local/sbin/pkg
2.7.5-a3183b5

=== manual checksums attempt ===
d2a0e29237272c6207305de10e9d780309b776fd4568cffe0834ea5b5128dbfb  os-hilink-0.1.10.pkg
exit=0
