=== build_pkg.log ===
[0;33mCleaning build artifacts...[0m 
[0;32m✓ Clean complete[0m 
[0;33mBuilding os-hilink...[0m 
# Compile Python files
Compiling Python modules...
# Copy source files to build directory
Copying source files...
# Remove Python cache files
[0;32m✓ Build complete[0m 
[0;33mBuilding os-hilink...[0m 
# Compile Python files
Compiling Python modules...
# Copy source files to build directory
Copying source files...
# Remove Python cache files
[0;32m✓ Build complete[0m 
[0;33mCreating package...[0m 
pkg: Unable to access file /home/runner/work/opnsense-hilink-plugin/opnsense-hilink-plugin/build/stage/usr/local/usr/local/opnsense/mvc/app/controllers/OPNsense/HiLink/Api/MonitorController.php:No such file or directory
pkg: Unable to access file /home/runner/work/opnsense-hilink-plugin/opnsense-hilink-plugin/build/stage/usr/local/usr/local/opnsense/mvc/app/controllers/OPNsense/HiLink/Api/ServiceController.php:No such file or directory
pkg: Unable to access file /home/runner/work/opnsense-hilink-plugin/opnsense-hilink-plugin/build/stage/usr/local/usr/local/opnsense/mvc/app/controllers/OPNsense/HiLink/Api/SettingsController.php:No such file or directory
pkg: Unable to access file /home/runner/work/opnsense-hilink-plugin/opnsense-hilink-plugin/build/stage/usr/local/usr/local/opnsense/mvc/app/controllers/OPNsense/HiLink/IndexController.php:No such file or directory
pkg: Unable to access file /home/runner/work/opnsense-hilink-plugin/opnsense-hilink-plugin/build/stage/usr/local/usr/local/opnsense/mvc/app/controllers/OPNsense/HiLink/forms/alertSettings.xml:No such file or directory
pkg: Unable to access file /home/runner/work/opnsense-hilink-plugin/opnsense-hilink-plugin/build/stage/usr/local/usr/local/opnsense/mvc/app/controllers/OPNsense/HiLink/forms/dialogModem.xml:No such file or directory
pkg: Unable to access file /home/runner/work/opnsense-hilink-plugin/opnsense-hilink-plugin/build/stage/usr/local/usr/local/opnsense/mvc/app/controllers/OPNsense/HiLink/forms/generalSettings.xml:No such file or directory
pkg: Unable to access file /home/runner/work/opnsense-hilink-plugin/opnsense-hilink-plugin/build/stage/usr/local/usr/local/opnsense/mvc/app/models/OPNsense/HiLink/ACL/ACL.xml:No such file or directory
pkg: Unable to access file /home/runner/work/opnsense-hilink-plugin/opnsense-hilink-plugin/build/stage/usr/local/usr/local/opnsense/mvc/app/models/OPNsense/HiLink/HiLink.php:No such file or directory
pkg: Unable to access file /home/runner/work/opnsense-hilink-plugin/opnsense-hilink-plugin/build/stage/usr/local/usr/local/opnsense/mvc/app/models/OPNsense/HiLink/HiLink.xml:No such file or directory
pkg: Unable to access file /home/runner/work/opnsense-hilink-plugin/opnsense-hilink-plugin/build/stage/usr/local/usr/local/opnsense/mvc/app/models/OPNsense/HiLink/Menu/Menu.xml:No such file or directory
pkg: Unable to access file /home/runner/work/opnsense-hilink-plugin/opnsense-hilink-plugin/build/stage/usr/local/usr/local/opnsense/mvc/app/views/OPNsense/HiLink/index.volt:No such file or directory
pkg: Unable to access file /home/runner/work/opnsense-hilink-plugin/opnsense-hilink-plugin/build/stage/usr/local/usr/local/opnsense/mvc/app/views/OPNsense/HiLink/settings.volt:No such file or directory
pkg: Unable to access file /home/runner/work/opnsense-hilink-plugin/opnsense-hilink-plugin/build/stage/usr/local/usr/local/opnsense/scripts/hilink/hilink_control.py:No such file or directory
pkg: Unable to access file /home/runner/work/opnsense-hilink-plugin/opnsense-hilink-plugin/build/stage/usr/local/usr/local/opnsense/scripts/hilink/hilink_service.py:No such file or directory
pkg: Unable to access file /home/runner/work/opnsense-hilink-plugin/opnsense-hilink-plugin/build/stage/usr/local/usr/local/opnsense/scripts/hilink/lib/__init__.py:No such file or directory
pkg: Unable to access file /home/runner/work/opnsense-hilink-plugin/opnsense-hilink-plugin/build/stage/usr/local/usr/local/opnsense/scripts/hilink/lib/config_manager.py:No such file or directory
pkg: Unable to access file /home/runner/work/opnsense-hilink-plugin/opnsense-hilink-plugin/build/stage/usr/local/usr/local/opnsense/scripts/hilink/lib/data_store.py:No such file or directory
pkg: Unable to access file /home/runner/work/opnsense-hilink-plugin/opnsense-hilink-plugin/build/stage/usr/local/usr/local/opnsense/scripts/hilink/lib/hilink_api.py:No such file or directory
pkg: Unable to access file /home/runner/work/opnsense-hilink-plugin/opnsense-hilink-plugin/build/stage/usr/local/usr/local/opnsense/service/conf/actions.d/actions_hilink.conf:No such file or directory
make: *** [Makefile:113: package] Error 1

=== dist/ contents ===
total 8
drwxr-xr-x  2 runner runner 4096 Jul 16 21:49 .
drwxr-xr-x 11 runner runner 4096 Jul 16 21:49 ..

=== pkg binary ===
/usr/local/sbin/pkg
2.7.5-a3183b5

=== manual checksums attempt ===
sha256sum: '*.pkg': No such file or directory
exit=1
